MemTotal:        2013516 kB
MemFree:          340540 kB
MemAvailable:     757008 kB
Buffers:           10696 kB
Cached:           664028 kB
SwapCached:        14168 kB
Active:           627620 kB
Inactive:         553124 kB
Active(anon):     198464 kB
Inactive(anon):   323372 kB
Active(file):     429156 kB
Inactive(file):   229752 kB
Unevictable:        3980 kB
Mlocked:            3980 kB
SwapTotal:       1510132 kB
SwapFree:         992796 kB
Dirty:             30884 kB
Writeback:             8 kB
AnonPages:        503112 kB
Mapped:           409676 kB
Shmem:             12784 kB
KReclaimable:      67332 kB
Slab:             180652 kB
SReclaimable:      67332 kB
SUnreclaim:       113320 kB
KernelStack:       28160 kB
PageTables:        60300 kB
NFS_Unstable:          0 kB
Bounce:                0 kB
WritebackTmp:          0 kB
CommitLimit:     2516888 kB
Committed_AS:   30550812 kB
VmallocTotal:   34359738367 kB
VmallocUsed:       46244 kB
VmallocChunk:          0 kB
Percpu:             4656 kB
AnonHugePages:         0 kB
ShmemHugePages:        0 kB
ShmemPmdMapped:        0 kB
FileHugePages:         0 kB
FilePmdMapped:         0 kB
CmaTotal:         294912 kB
CmaFree:          168056 kB
DirectMap4k:      261968 kB
DirectMap2M:     1835008 kB

